// Jest Snapshot v1, https://goo.gl/fbAQLP

exports[`renders MainPage withoput crashing 1`] = `undefined`;

exports[`renders MainPage without crashing 1`] = `ShallowWrapper {}`;
